
 Start  Stop   Length Name                   Class
 00000H 07F91H 07F92H VTBFR45_CODE           BC_CODE
 07FA0H 08161H 001C2H VGAREF_CODE            BC_CODE
 08170H 08371H 00202H EVPUR_CODE             BC_CODE
 08380H 0879CH 0041DH HGCLOOP1_CODE          BC_CODE
 087A0H 08FB4H 00815H CGALOOP1_CODE          BC_CODE
 08FC0H 09168H 001A9H RGBSTRIP_CODE          BC_CODE
 09170H 09326H 001B7H BEAMCUR_CODE           BC_CODE
 09330H 09454H 00125H HGCTXT_CODE            BC_CODE
 09460H 094F2H 00093H HGCSCR_CODE            BC_CODE
 09500H 09618H 00119H HGCMULTI_CODE          BC_CODE
 09620H 097A0H 00181H HGCXH1_CODE            BC_CODE
 097B0H 098A0H 000F1H HGCFOC_CODE            BC_CODE
 098B0H 09A9EH 001EFH VGACTR2_CODE           BC_CODE
 09AA0H 09EA3H 00404H VGALUMI_CODE           BC_CODE
 09EB0H 09F70H 000C1H DYNHVREG_CODE          BC_CODE
 09F80H 0A34EH 003CFH VGAFOC3_CODE           BC_CODE
 0A350H 0A4B6H 00167H VGAFOC2_CODE           BC_CODE
 0A4C0H 0A644H 00185H VGAVIDOV_CODE          BC_CODE
 0A650H 0A834H 001E5H CGABALAN_CODE          BC_CODE
 0A840H 0A928H 000E9H VGAECHO_CODE           BC_CODE
 0A930H 0AD7AH 0044BH VGAMODE1_CODE          BC_CODE
 0AD80H 0C2E8H 01569H VGALOOP1_CODE          BC_CODE
 0C2F0H 0C422H 00133H VGAFOC_CODE            BC_CODE
 0C430H 0C680H 00251H VGACC_CODE             BC_CODE
 0C690H 0C788H 000F9H VGATEXT_CODE           BC_CODE
 0C790H 0CCC5H 00536H VGACBAL_CODE           BC_CODE
 0CCD0H 0CDECH 0011DH VGAMULTI_CODE          BC_CODE
 0CDF0H 0D0B6H 002C7H VGACNV_CODE            BC_CODE
 0D0C0H 0DA76H 009B7H VGACB400_CODE          BC_CODE
 0DA80H 0DBA6H 00127H VGACTR_CODE            BC_CODE
 0DBB0H 0E8B2H 00D03H VXH1_CODE              BC_CODE
 0E8C0H 0EA3CH 0017DH VGREY64_CODE           BC_CODE
 0EA40H 0EB40H 00101H VGREY16_CODE           BC_CODE
 0EB50H 0EC82H 00133H VGACOMBO_CODE          BC_CODE
 0EC90H 0EFCAH 0033BH VGANTSC_CODE           BC_CODE
 0EFD0H 0F102H 00133H CB480_CODE             BC_CODE
 0F110H 0F1D4H 000C5H VGASAT_CODE            BC_CODE
 0F1E0H 0F448H 00269H VGARGBI_CODE           BC_CODE
 0F450H 0F616H 001C7H VFFCOLR_CODE           BC_CODE
 0F620H 0F6E0H 000C1H VFCOLR_CODE            BC_CODE
 0F6F0H 0F81AH 0012BH MULTIEGA_CODE          BC_CODE
 0F820H 0F952H 00133H FOCUSEGA_CODE          BC_CODE
 0F960H 0FE6AH 0050BH XH1EGA_CODE            BC_CODE
 0FE70H 10156H 002E7H MODEEGA_CODE           BC_CODE
 10160H 10257H 000F8H CBEGA_CODE             BC_CODE
 10260H 102FCH 0009DH LUMICGA_CODE           BC_CODE
 10300H 10718H 00419H MULTICGA_CODE          BC_CODE
 10720H 108F6H 001D7H PURCGA_CODE            BC_CODE
 10900H 109D0H 000D1H FOCUSCGA_CODE          BC_CODE
 109E0H 10DBAH 003DBH XH1CGA_CODE            BC_CODE
 10DC0H 10F3AH 0017BH BALACGA_CODE           BC_CODE
 10F40H 11064H 00125H CENTCGA_CODE           BC_CODE
 11070H 11161H 000F2H CBCGA_CODE             BC_CODE
 11170H 119BDH 0084EH EGALOOP1_CODE          BC_CODE
 119BEH 119C9H 0000CH ABSOLUTE_TEXT          CODE
 119CAH 11AD0H 00107H INTRPT_TEXT            CODE
 11AD2H 11BEFH 0011EH INT86OLD_TEXT          CODE
 11BF0H 11C23H 00034H SPEED_TEXT             CODE
 11C24H 11C34H 00011H PRNERROR_TEXT          CODE
 11C36H 11CACH 00077H ARRAY1_TEXT            CODE
 11CAEH 11D2FH 00082H LNGARRAY_TEXT          CODE
 11D30H 11D7FH 00050H DELREC_TEXT            CODE
 11D80H 11F05H 00186H QBCLOCK_TEXT           CODE
 11F06H 11F3CH 00037H KBD_TEXT               CODE
 11F3EH 11F71H 00034H KBD2_TEXT              CODE
 11F72H 11FD3H 00062H DATE2LNG_TEXT          CODE
 11FD4H 20865H 0E892H QLIBSEG                CODE
 20866H 208B8H 00053H SNG2_TEXT              CODE
 208B9H 208CEH 00016H KBTYPE_TEXT            CODE
 208D0H 20979H 000AAH MULARRAY_TEXT          CODE
 2097AH 20994H 0001BH PE2_TEXT               CODE
 20996H 209FFH 0006AH Q$TSTR_TEXT            CODE
 20A00H 2912FH 08730H CODE                   CODE
 29130H 2928EH 0015FH INIT_CODE              CODE
 29290H 2A24CH 00FBDH _TEXT                  CODE
 2A250H 2C67FH 02430H EMULATOR_TEXT          CODE
 2C680H 2C680H 00000H C_ETEXT                ENDCODE
 2C680H 2C704H 00085H QMOUSE02               DATA
 2C710H 2C794H 00085H QMOUSE06               DATA
 2C7A0H 2C853H 000B4H QMOUSE08               DATA
 2C860H 2C913H 000B4H QMOUSE10               DATA
 2C914H 2C923H 00010H READ_ONLY              READ_ONLY
 2C930H 2CA9FH 00170H EMULATOR_DATA          FAR_DATA
 2CAA0H 2CAA7H 00008H FAR_HDR                FAR_MSG
 2CAA8H 2D0F4H 0064DH FAR_MSG                FAR_MSG
 2D0F5H 2D0F6H 00002H FAR_PAD                FAR_MSG
 2D0F7H 2D0F7H 00001H FAR_EPAD               FAR_MSG
 2D100H 2D100H 00000H BR_DATA                BLANK
 2D100H 2D12FH 00030H BR_SKYS                BLANK
 2D130H 2D130H 00000H COMMON                 BLANK
 2D130H 2D937H 00808H BC_DATA                BC_VARS
 2D938H 2D93DH 00006H NMALLOC                BC_VARS
 2D93EH 2D93EH 00000H ENMALLOC               BC_VARS
 2D93EH 2D93EH 00000H BC_FT                  BC_SEGS
 2D940H 2FE2FH 024F0H BC_CN                  BC_SEGS
 2FE30H 301A2H 00373H BC_DS                  BC_SEGS
 301A4H 301A4H 00000H BC_SAB                 BC_SEGS
 301A4H 3027BH 000D8H BC_SA                  BC_SEGS
 3027CH 3027FH 00004H BC_SAE                 BC_SEGS
 30280H 30A8FH 00810H _DATA                  DATA
 30A90H 30FD1H 00542H _BSS                   DATA
 30FD2H 31391H 003C0H _YTABLE                DATA
 31392H 31592H 00201H _COMMON                DATA
 315A0H 31673H 000D4H $MOUSE                 DATA
 31674H 31674H 00000H XIB                    DATA
 31674H 316D3H 00060H XI                     DATA
 316D4H 316D4H 00000H XIE                    DATA
 316D4H 317D0H 000FDH BR_DATA                DATA
 317D2H 317D2H 00000H XCB                    DATA
 317D2H 317D5H 00004H XC                     DATA
 317D6H 317D6H 00000H XCE                    DATA
 317D6H 31862H 0008DH CONST                  DATA
 31864H 31871H 0000EH CDATA                  DATA
 31872H 3187DH 0000CH DBDATA                 DATA
 3187EH 3187EH 00000H XIFB                   DATA
 3187EH 3187EH 00000H XIF                    DATA
 3187EH 3187EH 00000H XIFE                   DATA
 3187EH 3187EH 00000H XPB                    DATA
 3187EH 3187EH 00000H XP                     DATA
 3187EH 3187EH 00000H XPE                    DATA
 3187EH 3187EH 00000H XCFB                   DATA
 3187EH 3187EH 00000H XCF                    DATA
 3187EH 3187EH 00000H XCFE                   DATA
 3187EH 3187EH 00000H BC_DATA                BC_DATA
 3187EH 3187EH 00000H XOB                    BSS
 3187EH 3187EH 00000H XO                     BSS
 3187EH 3187EH 00000H XOE                    BSS
 31880H 3207FH 00800H STACK                  STACK

 Origin   Group
 2D10:0   DGROUP
 2CAA:0   FMGROUP

Program entry point at 2929:090C
